The recording features a commercial song that consists of a flat male vocal, alongside wide harmonizing vocals, singing over synth pad chords, punchy kick and snare hits, shimmering hi hats, tinny wooden percussions, groovy bass and synth keys melody. It sounds energetic, fun, happy and joyful.
This is a classical music piece. The piece is being performed on a harpsichord. There is an electric guitar playing a gentle tune while the bass guitar plays in the background. The rhythm is provided by a slow tempo acoustic drum beat. The atmosphere is emotional. This piece could be used in the soundtrack of a drama TV series during the scenes where the characters are reminiscing about the good old days.
The recording features a cover of a rock song and it consists of a mellow electric guitar melody, groovy bass, shimmering hi hats, punchy snare and kick hits. It sounds soft, mellow, passionate and emotional.
The recording features a mellow harp melody. It sounds emotional and passionate.
This is a piano cover of a glam metal music piece. The piece is being played gently on a keyboard with a grand piano sound. There is a calming, relaxing atmosphere in this piece. It could be playing in the background at a coffee shop.